// Jest Snapshot v1, https://goo.gl/fbAQLP

exports[`add-demo base generator should generate expected index.html structure (snapshot) 1`] = `
"<!doctype html>
<html>
  <body>
    <ul>
      <li><a href="./snapshot-demo/index.html">snapshot-demo</a></li>
      <!-- DEMO-LIST -->
    </ul>
  </body>
</html>
"
`;
